// Jest Snapshot v1, https://goo.gl/fbAQLP

exports[`Navbar exists 1`] = `
<nav
  className="navbar"
  style={
    Object {
      "border": "1px solid #ffaa00",
    }
  }
>
  <div
    className="navbar-brand"
  >
    <a
      className="navbar-item"
      href={undefined}
      rel="noopener noreferrer"
      role="button"
      target="_blank"
    >
      <img
        alt="brownsville logo"
        src="test-file-stub"
      />
      <span
        className="title is-4"
      >
        <strong>
          CodeRGV
        </strong>
      </span>
    </a>
    <div
      className="navbar-burger "
      data-target="codeRgvMenu"
      onClick={[Function]}
      role="button"
    >
      <span />
      <span />
      <span />
    </div>
  </div>
  <div
    className="navbar-menu is-active"
    id="codeRgvMenu"
  >
    <div
      className="navbar-start"
    >
      <a
        className="navbar-item"
        href="/"
        onClick={[Function]}
      >
        Home
      </a>
      <a
        className="navbar-item"
        href="/events"
        onClick={[Function]}
      >
        Events
      </a>
      <a
        className="navbar-item"
        href="/projects"
        onClick={[Function]}
      >
        Projects
      </a>
      <div
        className="navbar-item has-dropdown is-hoverable"
      >
        <a
          className="navbar-link is-active"
          href="/about/about-us"
          onClick={[Function]}
        >
          About
        </a>
        <div
          className="navbar-dropdown"
        >
          <a
            className="navbar-item"
            href="/about/about-us"
            onClick={[Function]}
            rel="nooopener noreferrer"
            role="button"
          >
            About Us
          </a>
          <a
            className="navbar-item"
            href="/about/code-of-conduct"
            onClick={[Function]}
            rel="nooopener noreferrer"
            role="button"
          >
            Code Of Conduct
          </a>
          <a
            className="navbar-item"
            href="/about/charter"
            onClick={[Function]}
            rel="nooopener noreferrer"
            role="button"
          >
            Charter
          </a>
          <a
            className="navbar-item"
            href="/about/strategic-plan"
            onClick={[Function]}
            rel="nooopener noreferrer"
            role="button"
          >
            Strategic Plan
          </a>
        </div>
      </div>
    </div>
    <div
      className="navbar-end"
    >
      <a
        className="navbar-item"
        href="https://github.com/codergvbrownsville"
        rel="noopener noreferrer"
        role="button"
        target="_blank"
      >
        <i
          aria-hidden="true"
          className="fa fa-github"
        />
      </a>
      <a
        className="navbar-item"
        href="https://www.facebook.com/codergvbrownsville/"
        rel="noopener noreferrer"
        role="button"
        target="_blank"
      >
        <i
          aria-hidden="true"
          className="fa fa-facebook-square"
        />
      </a>
      <a
        className="navbar-item"
        href="https://codergv.herokuapp.com/"
        rel="noopener noreferrer"
        role="button"
        target="_blank"
      >
        <i
          aria-hidden="true"
          className="fa fa-slack"
        />
      </a>
    </div>
  </div>
</nav>
`;
